// Jest Snapshot v1, https://goo.gl/fbAQLP

exports[`rendering AlbumPlayer renders album player as expected 1`] = `ReactWrapper {}`;
